[| $(dyn "foo") |] :: Language.Haskell.TH.Syntax.Quote m => m Exp
[| [n|foo|] |] :: Q Exp
