yes
yes
no
no
yes
no
no
no
yes
yes
yes
no
("YAY","foo")
